Saving to /root/fixtures/26h1-PG1.sav new xl format (info 0x3/0x0/3541)
xc: info: Saving domain 451, type x86 HVM
xc: progress: Frames: 82944/1638528    5%
xc: progress: Frames: 164864/1638528   10%
xc: progress: Frames: 246784/1638528   15%
xc: progress: Frames: 328704/1638528   20%
xc: progress: Frames: 410624/1638528   25%
xc: progress: Frames: 492544/1638528   30%
xc: progress: Frames: 574464/1638528   35%
xc: progress: Frames: 656384/1638528   40%
xc: progress: Frames: 738304/1638528   45%
xc: progress: Frames: 820224/1638528   50%
xc: progress: Frames: 902144/1638528   55%
xc: progress: Frames: 984064/1638528   60%
xc: progress: Frames: 1065984/1638528   65%
xc: progress: Frames: 1147904/1638528   70%
xc: progress: Frames: 1229824/1638528   75%
xc: progress: Frames: 1311744/1638528   80%
xc: progress: Frames: 1393664/1638528   85%
xc: progress: Frames: 1475584/1638528   90%
xc: progress: Frames: 1557504/1638528   95%
xc: progress: Frames: 1638528/1638528  100%
xc: progress: End of stream: 0/0    0%
